Archive member included to satisfy reference by file (symbol)

c:/program files (x86)/atmel/studio/7.0/toolchain/avr8/avr8-gnu-toolchain/bin/../lib/gcc/avr/5.4.0/../../../../avr/lib/avr51\libm.a(addsf3.o)
                              adwandler.o (__subsf3)
c:/program files (x86)/atmel/studio/7.0/toolchain/avr8/avr8-gnu-toolchain/bin/../lib/gcc/avr/5.4.0/../../../../avr/lib/avr51\libm.a(addsf3x.o)
                              c:/program files (x86)/atmel/studio/7.0/toolchain/avr8/avr8-gnu-toolchain/bin/../lib/gcc/avr/5.4.0/../../../../avr/lib/avr51\libm.a(addsf3.o) (__addsf3x)
c:/program files (x86)/atmel/studio/7.0/toolchain/avr8/avr8-gnu-toolchain/bin/../lib/gcc/avr/5.4.0/../../../../avr/lib/avr51\libm.a(ceil.o)
                              display_utilities.o (ceil)
c:/program files (x86)/atmel/studio/7.0/toolchain/avr8/avr8-gnu-toolchain/bin/../lib/gcc/avr/5.4.0/../../../../avr/lib/avr51\libm.a(cmpsf2.o)
                              display_utilities.o (__eqsf2)
c:/program files (x86)/atmel/studio/7.0/toolchain/avr8/avr8-gnu-toolchain/bin/../lib/gcc/avr/5.4.0/../../../../avr/lib/avr51\libm.a(divsf3.o)
                              adwandler.o (__divsf3)
c:/program files (x86)/atmel/studio/7.0/toolchain/avr8/avr8-gnu-toolchain/bin/../lib/gcc/avr/5.4.0/../../../../avr/lib/avr51\libm.a(divsf3x.o)
                              c:/program files (x86)/atmel/studio/7.0/toolchain/avr8/avr8-gnu-toolchain/bin/../lib/gcc/avr/5.4.0/../../../../avr/lib/avr51\libm.a(divsf3.o) (__divsf3x)
c:/program files (x86)/atmel/studio/7.0/toolchain/avr8/avr8-gnu-toolchain/bin/../lib/gcc/avr/5.4.0/../../../../avr/lib/avr51\libm.a(fixsfsi.o)
                              adwandler.o (__fixsfsi)
c:/program files (x86)/atmel/studio/7.0/toolchain/avr8/avr8-gnu-toolchain/bin/../lib/gcc/avr/5.4.0/../../../../avr/lib/avr51\libm.a(fixunssfsi.o)
                              adwandler.o (__fixunssfsi)
c:/program files (x86)/atmel/studio/7.0/toolchain/avr8/avr8-gnu-toolchain/bin/../lib/gcc/avr/5.4.0/../../../../avr/lib/avr51\libm.a(floatsisf.o)
                              adwandler.o (__floatunsisf)
c:/program files (x86)/atmel/studio/7.0/toolchain/avr8/avr8-gnu-toolchain/bin/../lib/gcc/avr/5.4.0/../../../../avr/lib/avr51\libm.a(floor.o)
                              adwandler.o (floor)
c:/program files (x86)/atmel/studio/7.0/toolchain/avr8/avr8-gnu-toolchain/bin/../lib/gcc/avr/5.4.0/../../../../avr/lib/avr51\libm.a(fp_cmp.o)
                              c:/program files (x86)/atmel/studio/7.0/toolchain/avr8/avr8-gnu-toolchain/bin/../lib/gcc/avr/5.4.0/../../../../avr/lib/avr51\libm.a(cmpsf2.o) (__fp_cmp)
c:/program files (x86)/atmel/studio/7.0/toolchain/avr8/avr8-gnu-toolchain/bin/../lib/gcc/avr/5.4.0/../../../../avr/lib/avr51\libm.a(fp_inf.o)
                              c:/program files (x86)/atmel/studio/7.0/toolchain/avr8/avr8-gnu-toolchain/bin/../lib/gcc/avr/5.4.0/../../../../avr/lib/avr51\libm.a(addsf3x.o) (__fp_inf)
c:/program files (x86)/atmel/studio/7.0/toolchain/avr8/avr8-gnu-toolchain/bin/../lib/gcc/avr/5.4.0/../../../../avr/lib/avr51\libm.a(fp_mintl.o)
                              c:/program files (x86)/atmel/studio/7.0/toolchain/avr8/avr8-gnu-toolchain/bin/../lib/gcc/avr/5.4.0/../../../../avr/lib/avr51\libm.a(ceil.o) (__fp_mintl)
c:/program files (x86)/atmel/studio/7.0/toolchain/avr8/avr8-gnu-toolchain/bin/../lib/gcc/avr/5.4.0/../../../../avr/lib/avr51\libm.a(fp_mpack.o)
                              c:/program files (x86)/atmel/studio/7.0/toolchain/avr8/avr8-gnu-toolchain/bin/../lib/gcc/avr/5.4.0/../../../../avr/lib/avr51\libm.a(ceil.o) (__fp_mpack)
c:/program files (x86)/atmel/studio/7.0/toolchain/avr8/avr8-gnu-toolchain/bin/../lib/gcc/avr/5.4.0/../../../../avr/lib/avr51\libm.a(fp_nan.o)
                              c:/program files (x86)/atmel/studio/7.0/toolchain/avr8/avr8-gnu-toolchain/bin/../lib/gcc/avr/5.4.0/../../../../avr/lib/avr51\libm.a(addsf3x.o) (__fp_nan)
c:/program files (x86)/atmel/studio/7.0/toolchain/avr8/avr8-gnu-toolchain/bin/../lib/gcc/avr/5.4.0/../../../../avr/lib/avr51\libm.a(fp_pscA.o)
                              c:/program files (x86)/atmel/studio/7.0/toolchain/avr8/avr8-gnu-toolchain/bin/../lib/gcc/avr/5.4.0/../../../../avr/lib/avr51\libm.a(addsf3x.o) (__fp_pscA)
c:/program files (x86)/atmel/studio/7.0/toolchain/avr8/avr8-gnu-toolchain/bin/../lib/gcc/avr/5.4.0/../../../../avr/lib/avr51\libm.a(fp_pscB.o)
                              c:/program files (x86)/atmel/studio/7.0/toolchain/avr8/avr8-gnu-toolchain/bin/../lib/gcc/avr/5.4.0/../../../../avr/lib/avr51\libm.a(addsf3x.o) (__fp_pscB)
c:/program files (x86)/atmel/studio/7.0/toolchain/avr8/avr8-gnu-toolchain/bin/../lib/gcc/avr/5.4.0/../../../../avr/lib/avr51\libm.a(fp_round.o)
                              c:/program files (x86)/atmel/studio/7.0/toolchain/avr8/avr8-gnu-toolchain/bin/../lib/gcc/avr/5.4.0/../../../../avr/lib/avr51\libm.a(addsf3.o) (__fp_round)
[...]
Memory Configuration

Name             Origin             Length             Attributes
text             0x00000000         0x00020000         xr
data             0x00800100         0x0000ff00         rw !x
eeprom           0x00810000         0x00010000         rw !x
fuse             0x00820000         0x00000400         rw !x
lock             0x00830000         0x00000400         rw !x
signature        0x00840000         0x00000400         rw !x
user_signatures  0x00850000         0x00000400         rw !x
*default*        0x00000000         0xffffffff

Linker script and memory map

Address of section .data set to 0x800100
LOAD C:/Program Files (x86)/Atmel/Studio/7.0/Packs/atmel/ATmega_DFP/1.0.98/gcc/dev/atmega1284p/avr51/crtatmega1284p.o
LOAD adwandler.o
LOAD display.o
LOAD display_utilities.o
LOAD DS3231M_helevel.o
LOAD font_f-5x8.o
LOAD font_f-8x14.o
LOAD HoneywellSSC.o
LOAD i2cmaster.o
LOAD keyboard.o
LOAD main.o
LOAD timer_utilities.o
LOAD usart.o
LOAD xbee.o
LOAD xbee_utilities.o
START GROUP
LOAD c:/program files (x86)/atmel/studio/7.0/toolchain/avr8/avr8-gnu-toolchain/bin/../lib/gcc/avr/5.4.0/../../../../avr/lib/avr51\libm.a
END GROUP
START GROUP
LOAD c:/program files (x86)/atmel/studio/7.0/toolchain/avr8/avr8-gnu-toolchain/bin/../lib/gcc/avr/5.4.0/avr51\libgcc.a
LOAD c:/program files (x86)/atmel/studio/7.0/toolchain/avr8/avr8-gnu-toolchain/bin/../lib/gcc/avr/5.4.0/../../../../avr/lib/avr51\libm.a
LOAD c:/program files (x86)/atmel/studio/7.0/toolchain/avr8/avr8-gnu-toolchain/bin/../lib/gcc/avr/5.4.0/../../../../avr/lib/avr51\libc.a
LOAD C:/Program Files (x86)/Atmel/Studio/7.0/Packs/atmel/ATmega_DFP/1.0.98/gcc/dev/atmega1284p/avr51\libatmega1284p.a
END GROUP
                0x00020000                __TEXT_REGION_LENGTH__ = DEFINED (__TEXT_REGION_LENGTH__)?__TEXT_REGION_LENGTH__:0x20000
                0x0000ff00                __DATA_REGION_LENGTH__ = DEFINED (__DATA_REGION_LENGTH__)?__DATA_REGION_LENGTH__:0xff00
                0x00010000                __EEPROM_REGION_LENGTH__ = DEFINED (__EEPROM_REGION_LENGTH__)?__EEPROM_REGION_LENGTH__:0x10000
                0x00000400                __FUSE_REGION_LENGTH__ = DEFINED (__FUSE_REGION_LENGTH__)?__FUSE_REGION_LENGTH__:0x400
                0x00000400                __LOCK_REGION_LENGTH__ = DEFINED (__LOCK_REGION_LENGTH__)?__LOCK_REGION_LENGTH__:0x400
                0x00000400                __SIGNATURE_REGION_LENGTH__ = DEFINED (__SIGNATURE_REGION_LENGTH__)?__SIGNATURE_REGION_LENGTH__:0x400
                0x00000400                __USER_SIGNATURE_REGION_LENGTH__ = DEFINED (__USER_SIGNATURE_REGION_LENGTH__)?__USER_SIGNATURE_REGION_LENGTH__:0x400

.hash
 *(.hash)

.dynsym
 *(.dynsym)

.dynstr
 *(.dynstr)

.gnu.version
 *(.gnu.version)

.gnu.version_d
 *(.gnu.version_d)

.gnu.version_r
 *(.gnu.version_r)

.rel.init
 *(.rel.init)

.rela.init
 *(.rela.init)

.rel.text
 *(.rel.text)
 *(.rel.text.*)
 *(.rel.gnu.linkonce.t*)

.rela.text
 *(.rela.text)
 *(.rela.text.*)
 *(.rela.gnu.linkonce.t*)

.rel.fini
 *(.rel.fini)

.rela.fini
 *(.rela.fini)

.rel.rodata
 *(.rel.rodata)
 *(.rel.rodata.*)
 *(.rel.gnu.linkonce.r*)

.rela.rodata
 *(.rela.rodata)
 *(.rela.rodata.*)
 *(.rela.gnu.linkonce.r*)

.rel.data
 *(.rel.data)
 *(.rel.data.*)
 *(.rel.gnu.linkonce.d*)

.rela.data
 *(.rela.data)
 *(.rela.data.*)
 *(.rela.gnu.linkonce.d*)

.rel.ctors
 *(.rel.ctors)

.rela.ctors
 *(.rela.ctors)

.rel.dtors
 *(.rel.dtors)

.rela.dtors
 *(.rela.dtors)

.rel.got
 *(.rel.got)

.rela.got
 *(.rela.got)

.rel.bss
 *(.rel.bss)

.rela.bss
 *(.rela.bss)

.rel.plt
 *(.rel.plt)

.rela.plt
 *(.rela.plt)

.text           0x00000000    0x1cb2c
 *(.vectors)
 .vectors       0x00000000       0x8c C:/Program Files (x86)/Atmel/Studio/7.0/Packs/atmel/ATmega_DFP/1.0.98/gcc/dev/atmega1284p/avr51/crtatmega1284p.o
                0x00000000                __vector_default
                0x00000000                __vectors
 *(.vectors)
 *(.progmem.gcc*)
 .progmem.gcc_sw_table.get_number
                0x0000008c        0xe display_utilities.o
 .progmem.gcc_sw_table.main
                0x0000009a       0x54 main.o
 .progmem.gcc_sw_table.set_timeout
                0x000000ee        0xe timer_utilities.o
 .progmem.gcc_fplib
                0x000000fc       0x28 c:/program files (x86)/atmel/studio/7.0/toolchain/avr8/avr8-gnu-toolchain/bin/../lib/gcc/avr/5.4.0/../../../../avr/lib/avr51\libm.a(exp.o)
 .progmem.gcc_fplib
                0x00000124       0x5a c:/program files (x86)/atmel/studio/7.0/toolchain/avr8/avr8-gnu-toolchain/bin/../lib/gcc/avr/5.4.0/../../../../avr/lib/avr51\libm.a(log.o)
                0x0000017e                . = ALIGN (0x2)
                0x0000017e                __trampolines_start = .
 *(.trampolines)
 .trampolines   0x0000017e        0x0 linker stubs
 *(.trampolines*)
                0x0000017e                __trampolines_end = .
 *libprintf_flt.a:*(.progmem.data)
 *libc.a:*(.progmem.data)
 .progmem.data  0x0000017e       0xfa c:/program files (x86)/atmel/studio/7.0/toolchain/avr8/avr8-gnu-toolchain/bin/../lib/gcc/avr/5.4.0/../../../../avr/lib/avr51\libc.a(ftoa_engine.o)
 *(.progmem*)
 .progmem.data.Font1
                0x00000278      0x330 font_f-5x8.o
                0x00000278                Font1
 .progmem.data.Font2
                0x000005a8      0x594 font_f-8x14.o
                0x000005a8                Font2
                0x00000b3c                . = ALIGN (0x2)
 *(.jumptables)
 *(.jumptables*)
 *(.lowtext)
 *(.lowtext*)
                0x00000b3c                __ctors_start = .
 *(.ctors)
                0x00000b3c                __ctors_end = .
                0x00000b3c                __dtors_start = .
 *(.dtors)
                0x00000b3c                __dtors_end = .
 SORT(*)(.ctors)
 SORT(*)(.dtors)
 *(.init0)
 .init0         0x00000b3c        0x0 C:/Program Files (x86)/Atmel/Studio/7.0/Packs/atmel/ATmega_DFP/1.0.98/gcc/dev/atmega1284p/avr51/crtatmega1284p.o
                0x00000b3c                __init
 *(.init0)
 *(.init1)
 *(.init1)
 *(.init2)
 .init2         0x00000b3c        0xc C:/Program Files (x86)/Atmel/Studio/7.0/Packs/atmel/ATmega_DFP/1.0.98/gcc/dev/atmega1284p/avr51/crtatmega1284p.o
 *(.init2)
 *(.init3)
 *(.init3)
 *(.init4)
 .init4         0x00000b48       0x1a c:/program files (x86)/atmel/studio/7.0/toolchain/avr8/avr8-gnu-toolchain/bin/../lib/gcc/avr/5.4.0/avr51\libgcc.a(_copy_data.o)
                0x00000b48                __do_copy_data
 .init4         0x00000b62       0x10 c:/program files (x86)/atmel/studio/7.0/toolchain/avr8/avr8-gnu-toolchain/bin/../lib/gcc/avr/5.4.0/avr51\libgcc.a(_clear_bss.o)
                0x00000b62                __do_clear_bss
 *(.init4)
 *(.init5)
 *(.init5)
 *(.init6)
 *(.init6)
 *(.init7)
 *(.init7)
 *(.init8)
 *(.init8)
 *(.init9)
 .init9         0x00000b72        0x8 C:/Program Files (x86)/Atmel/Studio/7.0/Packs/atmel/ATmega_DFP/1.0.98/gcc/dev/atmega1284p/avr51/crtatmega1284p.o
 *(.init9)
 *(.text)
 .text          0x00000b7a        0x2 C:/Program Files (x86)/Atmel/Studio/7.0/Packs/atmel/ATmega_DFP/1.0.98/gcc/dev/atmega1284p/avr51/crtatmega1284p.o
                0x00000b7a                __vector_28
                0x00000b7a                __vector_1
                0x00000b7a                __vector_32
                0x00000b7a                __vector_34
                0x00000b7a                __vector_24
                0x00000b7a                __vector_12
                0x00000b7a                __bad_interrupt
                0x00000b7a                __vector_31
                0x00000b7a                __vector_3
                0x00000b7a                __vector_23
                0x00000b7a                __vector_30
                0x00000b7a                __vector_25
                0x00000b7a                __vector_17
                0x00000b7a                __vector_19
                0x00000b7a                __vector_27
                0x00000b7a                __vector_5
                0x00000b7a                __vector_33
                0x00000b7a                __vector_9
                0x00000b7a                __vector_2
                0x00000b7a                __vector_21
                0x00000b7a                __vector_15
                0x00000b7a                __vector_29
                0x00000b7a                __vector_8
                0x00000b7a                __vector_26
                0x00000b7a                __vector_14
                0x00000b7a                __vector_10
                0x00000b7a                __vector_16
 .text          0x00000b7c       0xce i2cmaster.o
                0x00000b8c                i2c_init
                0x00000b96                i2c_start
                0x00000b9e                i2c_rep_start
                0x00000bb2                i2c_start_wait
                0x00000bc6                i2c_stop
                0x00000bd6                i2c_write
                0x00000c0e                i2c_readNak
                0x00000c12                i2c_readAck
                0x00000c14                i2c_read
                0x00000c4a                . = ALIGN (0x2)
 *(.text.*)
 .text.adc_init
                0x00000c4a       0x28 adwandler.o
                0x00000c4a                adc_init
 .text.round_double
                0x00000c72       0xa2 adwandler.o
                0x00000c72                round_double
 .text.map_to_current
                0x00000d14       0x18 adwandler.o
                0x00000d14                map_to_current
 .text.map_to_volt
                0x00000d2c       0x16 adwandler.o
                0x00000d2c                map_to_volt
 .text.map_to_batt
                0x00000d42       0x16 adwandler.o
                0x00000d42                map_to_batt
 .text.calc_he_level
                0x00000d58       0xc8 adwandler.o
                0x00000d58                calc_he_level
 .text.readChannel
                0x00000e20       0x84 adwandler.o
                0x00000e20                readChannel
 .text.get_batt_level
                0x00000ea4       0xa8 adwandler.o
                0x00000ea4                get_batt_level
 .text.get_he_level
                0x00000f4c      0x2f6 adwandler.o
                0x00000f4c                get_he_level
 .text.WindowWidth
                0x00001242       0x18 display.o
                0x00001242                WindowWidth
 .text.WindowHeight
                0x0000125a       0x18 display.o
                0x0000125a                WindowHeight
 .text.LCD_Wait
                0x00001272       0x16 display.o
                0x00001272                LCD_Wait
 .text.LCD_SPI_Byte
                0x00001288       0x2e display.o
                0x00001288                LCD_SPI_Byte
 .text.LCD_Window
                0x000012b6       0xae display.o
                0x000012b6                LCD_Window
 .text.LCD_SPI_DBCommand
                0x00001364       0x54 display.o
                0x00001364                LCD_SPI_DBCommand
 .text.LCD_Init
                0x000013b8      0x104 display.o
                0x000013b8                LCD_Init
 .text.LCD_SPI_Int
                0x000014bc       0x1a display.o
                0x000014bc                LCD_SPI_Int
 .text.LCD_Print
                0x000014d6      0x258 display.o
                0x000014d6                LCD_Print
 .text.LCD_Cls  0x0000172e       0x62 display.o
                0x0000172e                LCD_Cls
 .text.LCD_Plot
                0x00001790       0x3a display.o
                0x00001790                LCD_Plot
 .text.LCD_Draw
                0x000017ca      0x156 display.o
                0x000017ca                LCD_Draw
 .text.LCD_Rect
                0x00001920       0x54 display.o
                0x00001920                LCD_Rect
 .text.LCD_Box  0x00001974       0x76 display.o
                0x00001974                LCD_Box
 .text.LCD_Dialog
                0x000019ea      0x242 display.o
                0x000019ea                LCD_Dialog
 .text.draw_int_without_erasing
                0x00001c2c       0xc0 display_utilities.o
                0x00001c2c                draw_int_without_erasing
 .text.draw_int
                0x00001cec       0xda display_utilities.o
                0x00001cec                draw_int
 .text.draw_double_without_erasing
                0x00001dc6       0xf2 display_utilities.o
                0x00001dc6                draw_double_without_erasing
 .text.draw_double
                0x00001eb8       0xfe display_utilities.o
                0x00001eb8                draw_double
 .text.paint_info_line
                0x00001fb6       0xaa display_utilities.o
                0x00001fb6                paint_info_line
 .text.paint_he_level
                0x00002060      0x25e display_utilities.o
                0x00002060                paint_he_level
 .text.paint_time_pressure
                0x000022be      0x11c display_utilities.o
                0x000022be                paint_time_pressure
 .text.paint_batt
                0x000023da       0xa8 display_utilities.o
                0x000023da                paint_batt
 .text.clear_progress_bar
                0x00002482       0x1c display_utilities.o
                0x00002482                clear_progress_bar
 .text.paint_progress_bar
                0x0000249e      0x102 display_utilities.o
                0x0000249e                paint_progress_bar
 .text.draw_current_wait_time
                0x000025a0       0xcc display_utilities.o
                0x000025a0                draw_current_wait_time
 .text.paint_buttons
                0x0000266c      0x2f0 display_utilities.o
                0x0000266c                paint_buttons
 .text.paint_start_filling.part.0
                0x0000295c       0xf6 display_utilities.o
 .text.paint_enter_number
                0x00002a52      0x124 display_utilities.o
                0x00002a52                paint_enter_number
 .text.paint_main
                0x00002b76      0x1ce display_utilities.o
                0x00002b76                paint_main
 .text.paint_offline
                0x00002d44      0x118 display_utilities.o
                0x00002d44                paint_offline
 .text.paint_options
                0x00002e5c      0x3a0 display_utilities.o
                0x00002e5c                paint_options
 .text.paint_opt_values_page1
                0x000031fc       0xbc display_utilities.o
                0x000031fc                paint_opt_values_page1
 .text.paint_opt_values_page2
                0x000032b8       0xfa display_utilities.o
                0x000032b8                paint_opt_values_page2
 .text.paint_opt_values_page3
                0x000033b2      0x112 display_utilities.o
                0x000033b2                paint_opt_values_page3
 .text.paint_opt_values_page4
                0x000034c4      0x112 display_utilities.o
                0x000034c4                paint_opt_values_page4
 .text.paint_opt_values_page5
                0x000035d6      0x106 display_utilities.o
                0x000035d6                paint_opt_values_page5
 .text.paint_current_opt_page1
                0x000036dc      0x27e display_utilities.o
                0x000036dc                paint_current_opt_page1
 .text.paint_current_opt_page2
                0x0000395a      0x27e display_utilities.o
                0x0000395a                paint_current_opt_page2
 .text.paint_current_opt_page3
                0x00003bd8      0x27e display_utilities.o
                0x00003bd8                paint_current_opt_page3
 .text.paint_current_opt_page4
                0x00003e56      0x27e display_utilities.o
                0x00003e56                paint_current_opt_page4
 .text.paint_current_opt_page5
                0x000040d4      0x27e display_utilities.o
                0x000040d4                paint_current_opt_page5
 .text.paint_start_filling
                0x00004352       0xa8 display_utilities.o
                0x00004352                paint_start_filling
 .text.paint_filling
                0x000043fa      0x140 display_utilities.o
                0x000043fa                paint_filling
 .text.update_login_digits
                0x0000453a      0x21c display_utilities.o
                0x0000453a                update_login_digits
 .text.update_filling_pos
                0x00004756      0x802 display_utilities.o
                0x00004756                update_filling_pos
 .text.get_number
                0x00004f58      0x164 display_utilities.o
                0x00004f58                get_number
 .text.paint_diag
                0x000050bc      0x1fc display_utilities.o
                0x000050bc                paint_diag
 .text.toY      0x000052b8       0x72 display_utilities.o
                0x000052b8                toY
 .text.display_on
                0x0000532a       0x32 display_utilities.o
                0x0000532a                display_on
 .text.InitScreen_AddLine
                0x0000535c       0xa8 display_utilities.o
                0x0000535c                InitScreen_AddLine
 .text.DS3231M_read_register
                0x00005404       0x2e DS3231M_helevel.o
                0x00005404                DS3231M_read_register
 .text.DS3231M_set_time
                0x00005432       0xc4 DS3231M_helevel.o
                0x00005432                DS3231M_set_time
 .text.DS3231M_read_time
                0x000054f6      0x11e DS3231M_helevel.o
                0x000054f6                DS3231M_read_time
 .text.DS3231M_read_temperature
                0x00005614       0xd6 DS3231M_helevel.o
                0x00005614                DS3231M_read_temperature
 .text.DS3231M_write_register
                0x000056ea       0x3e DS3231M_helevel.o
                0x000056ea                DS3231M_write_register
 .text.init_DS3231M
                0x00005728       0x3c DS3231M_helevel.o
                0x00005728                init_DS3231M
 .text.HoneywellSSC_read_pressure
                0x00005764      0x14e HoneywellSSC.o
                0x00005764                HoneywellSSC_read_pressure
 .text.init_HoneywellSSC
                0x000058b2       0x42 HoneywellSSC.o
                0x000058b2                init_HoneywellSSC
 .text.keyboard_init
                0x000058f4       0x58 keyboard.o
                0x000058f4                keyboard_init
 .text.keyhitwithoutinterrupt
                0x0000594c       0xb4 keyboard.o
                0x0000594c                keyhitwithoutinterrupt
 .text.check_my_keyboard
                0x00005a00       0x2a keyboard.o
                0x00005a00                check_my_keyboard
 .text.__vector_4
                0x00005a2a       0x4e keyboard.o
                0x00005a2a                __vector_4
 .text.__vector_6
                0x00005a78       0x4e keyboard.o
                0x00005a78                __vector_6
 .text.__vector_7
                0x00005ac6       0x4e keyboard.o
                0x00005ac6                __vector_7
 .text.keyhit_block
                0x00005b14        0xc keyboard.o
                0x00005b14                keyhit_block
 .text.keyhit_cont
                0x00005b20       0x10 keyboard.o
                0x00005b20                keyhit_cont
 .text.reset_not_ready_for_new_key
                0x00005b30        0x6 keyboard.o
                0x00005b30                reset_not_ready_for_new_key
 .text.store_measurement
                0x00005b36       0xe8 main.o
                0x00005b36                store_measurement
 .text.diag_pulse
                0x00005c1e     0x11bc main.o
                0x00005c1e                diag_pulse
 .text.diag_page1
                0x00006dda      0x36c main.o
                0x00006dda                diag_page1
 .text.xbee_send_login_msg
                0x00007146       0xfe main.o
                0x00007146                xbee_send_login_msg
 .text.startup.main
                0x00007244    0x13320 main.o
                0x00007244                main
 .text.init_0_timer8
                0x0001a564        0xc timer_utilities.o
                0x0001a564                init_0_timer8
 .text.timer8_0_start
                0x0001a570        0x8 timer_utilities.o
                0x0001a570                timer8_0_start
 .text.timer8_0_stop
                0x0001a578       0x12 timer_utilities.o
                0x0001a578                timer8_0_stop
 .text.timer16_1_start
                0x0001a58a        0xc timer_utilities.o
                0x0001a58a                timer16_1_start
 .text.init_1_timer16
                0x0001a596       0x1e timer_utilities.o
                0x0001a596                init_1_timer16
 .text.init_2_timer8
                0x0001a5b4        0xc timer_utilities.o
                0x0001a5b4                init_2_timer8
 .text.timer8_2_start
                0x0001a5c0        0xc timer_utilities.o
                0x0001a5c0                timer8_2_start
 .text.timer8_2_stop
                0x0001a5cc       0x18 timer_utilities.o
                0x0001a5cc                timer8_2_stop
 .text.__vector_18
                0x0001a5e4       0x2e timer_utilities.o
                0x0001a5e4                __vector_18
 .text.__vector_13
                0x0001a612       0x2e timer_utilities.o
                0x0001a612                __vector_13
 .text.__vector_11
                0x0001a640       0x2e timer_utilities.o
                0x0001a640                __vector_11
 .text.set_timeout
                0x0001a66e      0x3e4 timer_utilities.o
                0x0001a66e                set_timeout
 .text.timed_dialog
                0x0001aa52      0x17e timer_utilities.o
                0x0001aa52                timed_dialog
 .text.usart_init
                0x0001abd0       0x22 usart.o
                0x0001abd0                usart_init
 .text.__vector_20
                0x0001abf2      0x156 usart.o
                0x0001abf2                __vector_20
 .text.__vector_22
                0x0001ad48       0x58 usart.o
                0x0001ad48                __vector_22
 .text.xbee_sleep
                0x0001ada0       0x10 xbee.o
                0x0001ada0                xbee_sleep
 .text.xbee_wake_up
                0x0001adb0       0x10 xbee.o
                0x0001adb0                xbee_wake_up
 .text.xbee_send
                0x0001adc0       0x22 xbee.o
                0x0001adc0                xbee_send
 .text.delay_ms
                0x0001ade2       0x1c xbee.o
                0x0001ade2                delay_ms
 .text.xbee_send_msg
                0x0001adfe       0x1e xbee.o
                0x0001adfe                xbee_send_msg
 .text.xbee_send_and_get_reply
                0x0001ae1c       0x9e xbee.o
                0x0001ae1c                xbee_send_and_get_reply
 .text.xbee_reset_connection
                0x0001aeba       0x6a xbee.o
                0x0001aeba                xbee_reset_connection
 .text.xbee_reconnect
                0x0001af24       0x9c xbee.o
                0x0001af24                xbee_reconnect
 .text.xbee_send_request
                0x0001afc0      0x17e xbee.o
                0x0001afc0                xbee_send_request
 .text.xbee_send_message
                0x0001b13e       0xfa xbee.o
                0x0001b13e                xbee_send_message
 .text.buffer_init
                0x0001b238       0x12 xbee_utilities.o
                0x0001b238                buffer_init
 .text.buffer_storeData
                0x0001b24a       0x50 xbee_utilities.o
                0x0001b24a                buffer_storeData
 .text.buffer_removeData
                0x0001b29a       0x14 xbee_utilities.o
                0x0001b29a                buffer_removeData
 .text.xbee_hasReply
                0x0001b2ae       0x60 xbee_utilities.o
                0x0001b2ae                xbee_hasReply
 .text.get_at_frame_type
                0x0001b30e       0x34 xbee_utilities.o
                0x0001b30e                get_at_frame_type
 .text.devicePos_to_buffer
                0x0001b342       0x6c xbee_utilities.o
                0x0001b342                devicePos_to_buffer
 .text.xbee_getChecksum
                0x0001b3ae       0x24 xbee_utilities.o
                0x0001b3ae                xbee_getChecksum
 .text.xbee_pack_tx_frame
                0x0001b3d2       0xaa xbee_utilities.o
                0x0001b3d2                xbee_pack_tx_frame
 .text.xbee_pack_tx64_frame
                0x0001b47c       0xcc xbee_utilities.o
                0x0001b47c                xbee_pack_tx64_frame
 .text.xbee_chkChecksum
                0x0001b548       0x2a xbee_utilities.o
                0x0001b548                xbee_chkChecksum
 .text.xbee_build_frame
                0x0001b572      0x124 xbee_utilities.o
                0x0001b572                xbee_build_frame
 .text.xbee_get_addr
                0x0001b696       0xb4 xbee_utilities.o
                0x0001b696                xbee_get_addr
 .text.avr-libc.fplib
                0x0001b74a        0xa c:/program files (x86)/atmel/studio/7.0/toolchain/avr8/avr8-gnu-toolchain/bin/../lib/gcc/avr/5.4.0/../../../../avr/lib/avr51\libm.a(addsf3.o)
                0x0001b74a                __subsf3
                0x0001b74c                __addsf3
 .text.avr-libc.fplib
                0x0001b754       0xc0 c:/program files (x86)/atmel/studio/7.0/toolchain/avr8/avr8-gnu-toolchain/bin/../lib/gcc/avr/5.4.0/../../../../avr/lib/avr51\libm.a(addsf3x.o)
                0x0001b76e                __addsf3x
 .text.avr-libc.fplib
                0x0001b814       0x26 c:/program files (x86)/atmel/studio/7.0/toolchain/avr8/avr8-gnu-toolchain/bin/../lib/gcc/avr/5.4.0/../../../../avr/lib/avr51\libm.a(ceil.o)
                0x0001b814                ceil
 .text.avr-libc.fplib
                0x0001b83a        0x8 c:/program files (x86)/atmel/studio/7.0/toolchain/avr8/avr8-gnu-toolchain/bin/../lib/gcc/avr/5.4.0/../../../../avr/lib/avr51\libm.a(cmpsf2.o)
                0x0001b83a                __nesf2
                0x0001b83a                __eqsf2
                0x0001b83a                __cmpsf2
                0x0001b83a                __ltsf2
                0x0001b83a                __lesf2
 .text.avr-libc.fplib
                0x0001b842        0x4 c:/program files (x86)/atmel/studio/7.0/toolchain/avr8/avr8-gnu-toolchain/bin/../lib/gcc/avr/5.4.0/../../../../avr/lib/avr51\libm.a(divsf3.o)
                0x0001b842                __divsf3
 .text.avr-libc.fplib
                0x0001b846       0xcc c:/program files (x86)/atmel/studio/7.0/toolchain/avr8/avr8-gnu-toolchain/bin/../lib/gcc/avr/5.4.0/../../../../avr/lib/avr51\libm.a(divsf3x.o)
                0x0001b85c                __divsf3x
                0x0001b860                __divsf3_pse
 .text.avr-libc.fplib
                0x0001b912        0xa c:/program files (x86)/atmel/studio/7.0/toolchain/avr8/avr8-gnu-toolchain/bin/../lib/gcc/avr/5.4.0/../../../../avr/lib/avr51\libm.a(fixsfsi.o)
                0x0001b912                __fixsfsi
 .text.avr-libc.fplib
                0x0001b91c       0x58 c:/program files (x86)/atmel/studio/7.0/toolchain/avr8/avr8-gnu-toolchain/bin/../lib/gcc/avr/5.4.0/../../../../avr/lib/avr51\libm.a(fixunssfsi.o)
                0x0001b91c                __fixunssfsi
 .text.avr-libc.fplib
                0x0001b974       0x7a c:/program files (x86)/atmel/studio/7.0/toolchain/avr8/avr8-gnu-toolchain/bin/../lib/gcc/avr/5.4.0/../../../../avr/lib/avr51\libm.a(floatsisf.o)
                0x0001b974                __floatunsisf
                0x0001b978                __floatsisf
 .text.avr-libc.fplib
                0x0001b9ee       0x26 c:/program files (x86)/atmel/studio/7.0/toolchain/avr8/avr8-gnu-toolchain/bin/../lib/gcc/avr/5.4.0/../../../../avr/lib/avr51\libm.a(floor.o)
                0x0001b9ee                floor
 .text.avr-libc.fplib
                0x0001ba14       0x48 c:/program files (x86)/atmel/studio/7.0/toolchain/avr8/avr8-gnu-toolchain/bin/../lib/gcc/avr/5.4.0/../../../../avr/lib/avr51\libm.a(fp_cmp.o)
                0x0001ba14                __fp_cmp
 .text.avr-libc.fplib
                0x0001ba5c        0xc c:/program files (x86)/atmel/studio/7.0/toolchain/avr8/avr8-gnu-toolchain/bin/../lib/gcc/avr/5.4.0/../../../../avr/lib/avr51\libm.a(fp_inf.o)
                0x0001ba5c                __fp_inf
 .text.avr-libc.fplib
                0x0001ba68       0x36 c:/program files (x86)/atmel/studio/7.0/toolchain/avr8/avr8-gnu-toolchain/bin/../lib/gcc/avr/5.4.0/../../../../avr/lib/avr51\libm.a(fp_mintl.o)
                0x0001ba68                __fp_mintl
 .text.avr-libc.fplib
                0x0001ba9e       0x1c c:/program files (x86)/atmel/studio/7.0/toolchain/avr8/avr8-gnu-toolchain/bin/../lib/gcc/avr/5.4.0/../../../../avr/lib/avr51\libm.a(fp_mpack.o)
                0x0001ba9e                __fp_mpack
                0x0001baa2                __fp_mpack_finite
 .text.avr-libc.fplib
                0x0001baba        0x6 c:/program files (x86)/atmel/studio/7.0/toolchain/avr8/avr8-gnu-toolchain/bin/../lib/gcc/avr/5.4.0/../../../../avr/lib/avr51\libm.a(fp_nan.o)
                0x0001baba                __fp_nan
 .text.avr-libc.fplib
                0x0001bac0        0xe c:/program files (x86)/atmel/studio/7.0/toolchain/avr8/avr8-gnu-toolchain/bin/../lib/gcc/avr/5.4.0/../../../../avr/lib/avr51\libm.a(fp_pscA.o)
                0x0001bac0                __fp_pscA
 .text.avr-libc.fplib
                0x0001bace        0xe c:/program files (x86)/atmel/studio/7.0/toolchain/avr8/avr8-gnu-toolchain/bin/../lib/gcc/avr/5.4.0/../../../../avr/lib/avr51\libm.a(fp_pscB.o)
                0x0001bace                __fp_pscB
 .text.avr-libc.fplib
                0x0001badc       0x22 c:/program files (x86)/atmel/studio/7.0/toolchain/avr8/avr8-gnu-toolchain/bin/../lib/gcc/avr/5.4.0/../../../../avr/lib/avr51\libm.a(fp_round.o)
                0x0001badc                __fp_round
 .text.avr-libc.fplib
                0x0001bafe       0x44 c:/program files (x86)/atmel/studio/7.0/toolchain/avr8/avr8-gnu-toolchain/bin/../lib/gcc/avr/5.4.0/../../../../avr/lib/avr51\libm.a(fp_split3.o)
                0x0001bafe                __fp_split3
                0x0001bb0e                __fp_splitA
 .text.avr-libc.fplib
                0x0001bb42       0x2e c:/program files (x86)/atmel/studio/7.0/toolchain/avr8/avr8-gnu-toolchain/bin/../lib/gcc/avr/5.4.0/../../../../avr/lib/avr51\libm.a(fp_trunc.o)
                0x0001bb42                __fp_trunc
 .text.avr-libc.fplib
                0x0001bb70        0xe c:/program files (x86)/atmel/studio/7.0/toolchain/avr8/avr8-gnu-toolchain/bin/../lib/gcc/avr/5.4.0/../../../../avr/lib/avr51\libm.a(fp_zero.o)
                0x0001bb70                __fp_zero
                0x0001bb72                __fp_szero
 .text.avr-libc.fplib
                0x0001bb7e        0x8 c:/program files (x86)/atmel/studio/7.0/toolchain/avr8/avr8-gnu-toolchain/bin/../lib/gcc/avr/5.4.0/../../../../avr/lib/avr51\libm.a(gesf2.o)
                0x0001bb7e                __gesf2
                0x0001bb7e                __gtsf2
 .text.avr-libc.fplib
                0x0001bb86        0x4 c:/program files (x86)/atmel/studio/7.0/toolchain/avr8/avr8-gnu-toolchain/bin/../lib/gcc/avr/5.4.0/../../../../avr/lib/avr51\libm.a(mulsf3.o)
                0x0001bb86                __mulsf3
 .text.avr-libc.fplib
                0x0001bb8a       0xc2 c:/program files (x86)/atmel/studio/7.0/toolchain/avr8/avr8-gnu-toolchain/bin/../lib/gcc/avr/5.4.0/../../../../avr/lib/avr51\libm.a(mulsf3x.o)
                0x0001bb9e                __mulsf3x
                0x0001bba2                __mulsf3_pse
 .text.avr-libc.fplib
                0x0001bc4c       0x98 c:/program files (x86)/atmel/studio/7.0/toolchain/avr8/avr8-gnu-toolchain/bin/../lib/gcc/avr/5.4.0/../../../../avr/lib/avr51\libm.a(pow.o)
                0x0001bc4c                pow
 .text.avr-libc.fplib
                0x0001bce4       0x40 c:/program files (x86)/atmel/studio/7.0/toolchain/avr8/avr8-gnu-toolchain/bin/../lib/gcc/avr/5.4.0/../../../../avr/lib/avr51\libm.a(round.o)
                0x0001bce4                round
 .text.avr-libc.fplib
                0x0001bd24       0x62 c:/program files (x86)/atmel/studio/7.0/toolchain/avr8/avr8-gnu-toolchain/bin/../lib/gcc/avr/5.4.0/../../../../avr/lib/avr51\libm.a(exp.o)
                0x0001bd2e                exp
 .text.avr-libc.fplib
                0x0001bd86       0x4a c:/program files (x86)/atmel/studio/7.0/toolchain/avr8/avr8-gnu-toolchain/bin/../lib/gcc/avr/5.4.0/../../../../avr/lib/avr51\libm.a(fp_powser.o)
                0x0001bd86                __fp_powser
 .text.avr-libc.fplib
                0x0001bdd0        0xe c:/program files (x86)/atmel/studio/7.0/toolchain/avr8/avr8-gnu-toolchain/bin/../lib/gcc/avr/5.4.0/../../../../avr/lib/avr51\libm.a(inverse.o)
                0x0001bdd0                inverse
 .text.avr-libc.fplib
                0x0001bdde       0x6c c:/program files (x86)/atmel/studio/7.0/toolchain/avr8/avr8-gnu-toolchain/bin/../lib/gcc/avr/5.4.0/../../../../avr/lib/avr51\libm.a(ldexp.o)
                0x0001bde2                ldexp
 .text.avr-libc.fplib
                0x0001be4a       0x8a c:/program files (x86)/atmel/studio/7.0/toolchain/avr8/avr8-gnu-toolchain/bin/../lib/gcc/avr/5.4.0/../../../../avr/lib/avr51\libm.a(log.o)
                0x0001be54                log
 .text.avr-libc.fplib
                0x0001bed4       0x66 c:/program files (x86)/atmel/studio/7.0/toolchain/avr8/avr8-gnu-toolchain/bin/../lib/gcc/avr/5.4.0/../../../../avr/lib/avr51\libm.a(modf.o)
                0x0001bed4                modf
                0x0001bed4                modff
 .text.libgcc.div
                0x0001bf3a       0x18 c:/program files (x86)/atmel/studio/7.0/toolchain/avr8/avr8-gnu-toolchain/bin/../lib/gcc/avr/5.4.0/avr51\libgcc.a(_udivmodqi4.o)
                0x0001bf3a                __udivmodqi4
 .text.libgcc.div
                0x0001bf52       0x28 c:/program files (x86)/atmel/studio/7.0/toolchain/avr8/avr8-gnu-toolchain/bin/../lib/gcc/avr/5.4.0/avr51\libgcc.a(_udivmodhi4.o)
                0x0001bf52                __udivmodhi4
 .text.libgcc   0x0001bf7a       0x12 c:/program files (x86)/atmel/studio/7.0/toolchain/avr8/avr8-gnu-toolchain/bin/../lib/gcc/avr/5.4.0/avr51\libgcc.a(_tablejump2.o)
                0x0001bf7a                __tablejump2__
 .text.avr-libc
                0x0001bf8c       0x3e c:/program files (x86)/atmel/studio/7.0/toolchain/avr8/avr8-gnu-toolchain/bin/../lib/gcc/avr/5.4.0/../../../../avr/lib/avr51\libc.a(dtostrf.o)
                0x0001bf8c                dtostrf
 .text.avr-libc
                0x0001bfca       0x12 c:/program files (x86)/atmel/studio/7.0/toolchain/avr8/avr8-gnu-toolchain/bin/../lib/gcc/avr/5.4.0/../../../../avr/lib/avr51\libc.a(memcpy.o)
                0x0001bfca                memcpy
 .text.avr-libc
                0x0001bfdc       0x16 c:/program files (x86)/atmel/studio/7.0/toolchain/avr8/avr8-gnu-toolchain/bin/../lib/gcc/avr/5.4.0/../../../../avr/lib/avr51\libc.a(strcat.o)
                0x0001bfdc                strcat
 .text.avr-libc
                0x0001bff2        0xe c:/program files (x86)/atmel/studio/7.0/toolchain/avr8/avr8-gnu-toolchain/bin/../lib/gcc/avr/5.4.0/../../../../avr/lib/avr51\libc.a(strcpy.o)
                0x0001bff2                strcpy
 .text.avr-libc
                0x0001c000       0x14 c:/program files (x86)/atmel/studio/7.0/toolchain/avr8/avr8-gnu-toolchain/bin/../lib/gcc/avr/5.4.0/../../../../avr/lib/avr51\libc.a(itoa_ncheck.o)
                0x0001c000                __itoa_ncheck
 .text.avr-libc
                0x0001c014       0x32 c:/program files (x86)/atmel/studio/7.0/toolchain/avr8/avr8-gnu-toolchain/bin/../lib/gcc/avr/5.4.0/../../../../avr/lib/avr51\libc.a(utoa_ncheck.o)
                0x0001c014                __utoa_ncheck
                0x0001c016                __utoa_common
 .text.avr-libc
                0x0001c046       0x5c c:/program files (x86)/atmel/studio/7.0/toolchain/avr8/avr8-gnu-toolchain/bin/../lib/gcc/avr/5.4.0/../../../../avr/lib/avr51\libc.a(sprintf.o)
                0x0001c046                sprintf
 .text.avr-libc
                0x0001c0a2      0x3fa c:/program files (x86)/atmel/studio/7.0/toolchain/avr8/avr8-gnu-toolchain/bin/../lib/gcc/avr/5.4.0/../../../../avr/lib/avr51\libc.a(vfprintf_std.o)
                0x0001c0a2                vfprintf
 .text.avr-libc
                0x0001c49c      0x2ec c:/program files (x86)/atmel/studio/7.0/toolchain/avr8/avr8-gnu-toolchain/bin/../lib/gcc/avr/5.4.0/../../../../avr/lib/avr51\libc.a(dtoa_prf.o)
                0x0001c49c                dtoa_prf
 .text.avr-libc
                0x0001c788      0x1b0 c:/program files (x86)/atmel/studio/7.0/toolchain/avr8/avr8-gnu-toolchain/bin/../lib/gcc/avr/5.4.0/../../../../avr/lib/avr51\libc.a(ftoa_engine.o)
                0x0001c788                __ftoa_engine
 .text.avr-libc
                0x0001c938       0x16 c:/program files (x86)/atmel/studio/7.0/toolchain/avr8/avr8-gnu-toolchain/bin/../lib/gcc/avr/5.4.0/../../../../avr/lib/avr51\libc.a(strnlen_P.o)
                0x0001c938                strnlen_P
 .text.avr-libc
                0x0001c94e       0x16 c:/program files (x86)/atmel/studio/7.0/toolchain/avr8/avr8-gnu-toolchain/bin/../lib/gcc/avr/5.4.0/../../../../avr/lib/avr51\libc.a(strnlen.o)
                0x0001c94e                strnlen
 .text.avr-libc
                0x0001c964       0x20 c:/program files (x86)/atmel/studio/7.0/toolchain/avr8/avr8-gnu-toolchain/bin/../lib/gcc/avr/5.4.0/../../../../avr/lib/avr51\libc.a(strrev.o)
                0x0001c964                strrev
 .text.avr-libc
                0x0001c984       0x78 c:/program files (x86)/atmel/studio/7.0/toolchain/avr8/avr8-gnu-toolchain/bin/../lib/gcc/avr/5.4.0/../../../../avr/lib/avr51\libc.a(fputc.o)
                0x0001c984                fputc
 .text.avr-libc
                0x0001c9fc       0xbc c:/program files (x86)/atmel/studio/7.0/toolchain/avr8/avr8-gnu-toolchain/bin/../lib/gcc/avr/5.4.0/../../../../avr/lib/avr51\libc.a(ultoa_invert.o)
                0x0001c9fc                __ultoa_invert
 .text.avr-libc
                0x0001cab8       0x10 C:/Program Files (x86)/Atmel/Studio/7.0/Packs/atmel/ATmega_DFP/1.0.98/gcc/dev/atmega1284p/avr51\libatmega1284p.a(eerd_byte.o)
                0x0001cab8                eeprom_read_byte
 .text.avr-libc
                0x0001cac8        0xa C:/Program Files (x86)/Atmel/Studio/7.0/Packs/atmel/ATmega_DFP/1.0.98/gcc/dev/atmega1284p/avr51\libatmega1284p.a(eerd_dword.o)
                0x0001cac8                eeprom_read_float
                0x0001cac8                eeprom_read_dword
 .text.avr-libc
                0x0001cad2        0xa C:/Program Files (x86)/Atmel/Studio/7.0/Packs/atmel/ATmega_DFP/1.0.98/gcc/dev/atmega1284p/avr51\libatmega1284p.a(eerd_word.o)
                0x0001cad2                eeprom_read_word
 .text.avr-libc
                0x0001cadc       0x1c C:/Program Files (x86)/Atmel/Studio/7.0/Packs/atmel/ATmega_DFP/1.0.98/gcc/dev/atmega1284p/avr51\libatmega1284p.a(eewr_byte.o)
                0x0001cadc                eeprom_write_byte
                0x0001cade                eeprom_write_r18
 .text.avr-libc
                0x0001caf8        0xa C:/Program Files (x86)/Atmel/Studio/7.0/Packs/atmel/ATmega_DFP/1.0.98/gcc/dev/atmega1284p/avr51\libatmega1284p.a(eewr_dword.o)
                0x0001caf8                eeprom_write_dword
                0x0001caf8                eeprom_write_float
 .text.avr-libc
                0x0001cb02        0x6 C:/Program Files (x86)/Atmel/Studio/7.0/Packs/atmel/ATmega_DFP/1.0.98/gcc/dev/atmega1284p/avr51\libatmega1284p.a(eewr_word.o)
                0x0001cb02                eeprom_write_word
 .text.avr-libc
                0x0001cb08       0x20 C:/Program Files (x86)/Atmel/Studio/7.0/Packs/atmel/ATmega_DFP/1.0.98/gcc/dev/atmega1284p/avr51\libatmega1284p.a(eerd_block.o)
                0x0001cb08                eeprom_read_block
                0x0001cb0c                eeprom_read_blraw
                0x0001cb28                . = ALIGN (0x2)
 *(.fini9)
 .fini9         0x0001cb28        0x0 c:/program files (x86)/atmel/studio/7.0/toolchain/avr8/avr8-gnu-toolchain/bin/../lib/gcc/avr/5.4.0/avr51\libgcc.a(_exit.o)
                0x0001cb28                _exit
                0x0001cb28                exit
 *(.fini9)
 *(.fini8)
 *(.fini8)
 *(.fini7)
 *(.fini7)
 *(.fini6)
 *(.fini6)
 *(.fini5)
 *(.fini5)
 *(.fini4)
 *(.fini4)
 *(.fini3)
 *(.fini3)
 *(.fini2)
 *(.fini2)
 *(.fini1)
 *(.fini1)
 *(.fini0)
 .fini0         0x0001cb28        0x4 c:/program files (x86)/atmel/studio/7.0/toolchain/avr8/avr8-gnu-toolchain/bin/../lib/gcc/avr/5.4.0/avr51\libgcc.a(_exit.o)
 *(.fini0)
                0x0001cb2c                _etext = .

.data           0x00800100      0xb9e load address 0x0001cb2c
                0x00800100                PROVIDE (__data_start, .)
 *(.data)
 *(.data*)
 .data.FontInfo
                0x00800100        0x8 display.o
                0x00800100                FontInfo
 .data.Orientation
                0x00800108        0x1 display.o
                0x00800108                Orientation
 .data.XOffset  0x00800109        0x1 display_utilities.o
                0x00800109                XOffset
 .data.InitScreenYScale
                0x0080010a        0x1 display_utilities.o
                0x0080010a                InitScreenYScale
 .data.InitScreenXScale
                0x0080010b        0x1 display_utilities.o
                0x0080010b                InitScreenXScale
 .data.InitScreenFontNr
                0x0080010c        0x1 display_utilities.o
                0x0080010c                InitScreenFontNr
 .data.InitScreenLineFeed
                0x0080010d        0x1 display_utilities.o
                0x0080010d                InitScreenLineFeed
 .data.InitScreenNextLine
                0x0080010e        0x1 display_utilities.o
                0x0080010e                InitScreenNextLine
 .data.InitScreenMaxNoOfLines
                0x0080010f        0x1 display_utilities.o
                0x0080010f                InitScreenMaxNoOfLines
 .data.HoneywellSSC_status
                0x00800110        0x4 HoneywellSSC.o
                0x00800110                HoneywellSSC_status
 .data.xbee_awake_period
                0x00800114        0x1 main.o
                0x00800114                xbee_awake_period
 .data.xbee_sleep_period
                0x00800115        0x1 main.o
                0x00800115                xbee_sleep_period
 .data.t16_1_overflow
                0x00800116        0x2 timer_utilities.o
                0x00800116                t16_1_overflow
 *(.rodata)
 .rodata        0x00800118       0x46 display.o
 *(.rodata*)
 .rodata.str1.1
                0x0080015e        0x4 display.o
                                  0xa (size before relaxing)
 .rodata.CSWTCH.19
                0x00800162       0x39 display.o
 .rodata.str1.1
                0x0080019b      0x2cb display_utilities.o
                                0x332 (size before relaxing)
 .rodata.str1.1
                0x00800466      0x7b7 main.o
                                0x91b (size before relaxing)
 .rodata.str1.1
                0x00800c1d       0x81 xbee.o
 *(.gnu.linkonce.d*)
                0x00800c9e                . = ALIGN (0x2)
                0x00800c9e                _edata = .
                0x00800c9e                PROVIDE (__data_end, .)

.bss            0x00800c9e      0xfff
                0x00800c9e                PROVIDE (__bss_start, .)
 *(.bss)
 *(.bss*)
 .bss.last_value.2734
                0x00800c9e        0x2 display_utilities.o
 .bss.step.2718
                0x00800ca0        0x1 display_utilities.o
 .bss.xoff      0x00800ca1        0x1 display_utilities.o
                0x00800ca1                xoff
 .bss.display_reversed
                0x00800ca2        0x1 display_utilities.o
                0x00800ca2                display_reversed
 .bss.InitScreenBackColor
                0x00800ca3        0x1 display_utilities.o
                0x00800ca3                InitScreenBackColor
 .bss.DS3231M_status
                0x00800ca4        0x1 DS3231M_helevel.o
                0x00800ca4                DS3231M_status
 .bss.numberMeasBuff
                0x00800ca5        0x1 main.o
                0x00800ca5                numberMeasBuff
 .bss.nextfreeMeasBuff
                0x00800ca6        0x1 main.o
                0x00800ca6                nextfreeMeasBuff
 .bss.firstMeasBuff
                0x00800ca7        0x1 main.o
                0x00800ca7                firstMeasBuff
 .bss.xbee_busy
                0x00800ca8        0x1 main.o
                0x00800ca8                xbee_busy
 .bss.xbee_sleeping
                0x00800ca9        0x1 main.o
                0x00800ca9                xbee_sleeping
 .bss.key_released
                0x00800caa        0x1 main.o
                0x00800caa                key_released
 .bss.not_ready_for_new_key
                0x00800cab        0x1 main.o
                0x00800cab                not_ready_for_new_key
 .bss.pressed_key
                0x00800cac        0x1 main.o
                0x00800cac                pressed_key
 .bss.sending_cmd
                0x00800cad        0x1 main.o
                0x00800cad                sending_cmd
 .bss.cmd_line  0x00800cae        0x1 main.o
                0x00800cae                cmd_line
 .bss.timer6_waittime.2051
                0x00800caf        0x2 timer_utilities.o
 .bss.ovf_flag5.2056
                0x00800cb1        0x1 timer_utilities.o
 .bss.timer5_waittime.2050
                0x00800cb2        0x2 timer_utilities.o
 .bss.start_time.2058
                0x00800cb4        0x2 timer_utilities.o
 .bss.ovf_flag4.2055
                0x00800cb6        0x1 timer_utilities.o
 .bss.timer4_waittime.2049
                0x00800cb7        0x2 timer_utilities.o
 .bss.ovf_flag3.2054
                0x00800cb9        0x1 timer_utilities.o
 .bss.timer3_waittime.2048
                0x00800cba        0x2 timer_utilities.o
 .bss.ovf_flag2.2053
                0x00800cbc        0x1 timer_utilities.o
 .bss.timer2_waittime.2047
                0x00800cbd        0x2 timer_utilities.o
 .bss.ovf_flag1.2052
                0x00800cbf        0x1 timer_utilities.o
 .bss.timer1_waittime.2046
                0x00800cc0        0x2 timer_utilities.o
 .bss.timer0_waittime.2045
                0x00800cc2        0x2 timer_utilities.o
 .bss.t8_2_overflow
                0x00800cc4        0x2 timer_utilities.o
                0x00800cc4                t8_2_overflow
 .bss.t8_0_overflow
                0x00800cc6        0x2 timer_utilities.o
                0x00800cc6                t8_0_overflow
 .bss.summe.1840
                0x00800cc8        0x2 usart.o
 .bss.length_counter.1839
                0x00800cca        0x2 usart.o
 .bss.frame_length.1841
                0x00800ccc        0x2 usart.o
 .bss.buffer.1842
                0x00800cce      0x100 usart.o
 .bss.buffer_size.1843
                0x00800dce        0x1 usart.o
 *(COMMON)
 COMMON         0x00800dcf        0xc DS3231M_helevel.o
                0x00800dcf                temp_MSB
                0x00800dd0                temp_LSB
                0x00800dd1                DS3231M_Temperature
                0x00800dd5                Time
 COMMON         0x00800ddb        0xc HoneywellSSC.o
                0x00800ddb                HoneywellSSC_temp_MSB
                0x00800ddc                HoneywellSSC_press_MSB
                0x00800ddd                HoneywellSSC_Pressure
                0x00800de1                HoneywellSSC_press_LSB
                0x00800de2                HoneywellSSC_Temperature
                0x00800de6                HoneywellSSC_temp_LSB
 COMMON         0x00800de7      0x517 main.o
                0x00800de7                measBuffer
                0x008012fb                status_byte
                0x008012fc                send_str_reader
 COMMON         0x008012fe      0x99f xbee_utilities.o
                0x008012fe                setPtr
                0x00801300                bufferSize
                0x00801301                frameBuffer
                0x00801c9d                PROVIDE (__bss_end, .)
                0x0001cb2c                __data_load_start = LOADADDR (.data)
                0x0001d6ca                __data_load_end = (__data_load_start + SIZEOF (.data))

.noinit         0x00801c9d        0x0
                [!provide]                PROVIDE (__noinit_start, .)
 *(.noinit*)
                [!provide]                PROVIDE (__noinit_end, .)
                0x00801c9d                _end = .
                [!provide]                PROVIDE (__heap_start, .)

.eeprom         0x00810000       0x2a
 *(.eeprom*)
 .eeprom        0x00810000       0x2a main.o
                0x00810000                ee_display_reversed
                0x00810001                ee_total_volume
                0x00810003                ee_critical_batt
                0x00810004                ee_batt_max
                0x00810006                ee_batt_min
                0x00810008                ee_enable_pressure
                0x00810009                ee_zero
                0x0081000b                ee_span
                0x0081000d                ee_res_max
                0x0081000f                ee_res_min
                0x00810011                ee_he_min
                0x00810012                ee_fill_timeout
                0x00810013                ee_meas_cycles
                0x00810014                ee_meas_current
                0x00810016                ee_wait_time
                0x00810018                ee_quench_current
                0x0081001a                ee_quench_time
                0x0081001c                ee_transmit_fast_sec
                0x0081001d                ee_transmit_fast
                0x0081001f                ee_transmit_slow_min
                0x00810020                ee_transmit_slow
                0x00810022                ee_r_zero
                0x00810026                ee_r_span
                0x0081002a                __eeprom_end = .

.fuse
 *(.fuse)
 *(.lfuse)
 *(.hfuse)
 *(.efuse)

.lock
 *(.lock*)

.signature
 *(.signature*)

.user_signatures
 *(.user_signatures*)

.stab           0x00000000       0x24
 *(.stab)
 .stab          0x00000000       0x24 i2cmaster.o

.stabstr        0x00000000       0x1e
 *(.stabstr)
 .stabstr       0x00000000       0x1e i2cmaster.o

.stab.excl
 *(.stab.excl)

.stab.exclstr
 *(.stab.exclstr)

.stab.index
 *(.stab.index)

.stab.indexstr
 *(.stab.indexstr)

.comment        0x00000000       0x5c
 *(.comment)
 .comment       0x00000000       0x30 adwandler.o
                                 0x31 (size before relaxing)
 .comment       0x00000030       0x31 display.o
 .comment       0x00000030       0x31 display_utilities.o
 .comment       0x00000030       0x31 DS3231M_helevel.o
 .comment       0x00000030       0x31 font_f-5x8.o
 .comment       0x00000030       0x31 font_f-8x14.o
 .comment       0x00000030       0x31 HoneywellSSC.o
 .comment       0x00000030       0x31 keyboard.o
 .comment       0x00000030       0x31 main.o
 .comment       0x00000030       0x31 timer_utilities.o
 .comment       0x00000030       0x31 usart.o
 .comment       0x00000030       0x31 xbee.o
 .comment       0x00000030       0x31 xbee_utilities.o
 .comment       0x00000030       0x31 c:/program files (x86)/atmel/studio/7.0/toolchain/avr8/avr8-gnu-toolchain/bin/../lib/gcc/avr/5.4.0/../../../../avr/lib/avr51\libc.a(dtostrf.o)
 .comment       0x00000030       0x31 c:/program files (x86)/atmel/studio/7.0/toolchain/avr8/avr8-gnu-toolchain/bin/../lib/gcc/avr/5.4.0/../../../../avr/lib/avr51\libc.a(sprintf.o)
 .comment       0x00000030       0x2c c:/program files (x86)/atmel/studio/7.0/toolchain/avr8/avr8-gnu-toolchain/bin/../lib/gcc/avr/5.4.0/../../../../avr/lib/avr51\libc.a(vfprintf_std.o)
                                 0x2d (size before relaxing)
 .comment       0x0000005c       0x31 c:/program files (x86)/atmel/studio/7.0/toolchain/avr8/avr8-gnu-toolchain/bin/../lib/gcc/avr/5.4.0/../../../../avr/lib/avr51\libc.a(dtoa_prf.o)
 .comment       0x0000005c       0x31 c:/program files (x86)/atmel/studio/7.0/toolchain/avr8/avr8-gnu-toolchain/bin/../lib/gcc/avr/5.4.0/../../../../avr/lib/avr51\libc.a(fputc.o)

.note.gnu.avr.deviceinfo
                0x00000000       0x40
 .note.gnu.avr.deviceinfo
                0x00000000       0x40 C:/Program Files (x86)/Atmel/Studio/7.0/Packs/atmel/ATmega_DFP/1.0.98/gcc/dev/atmega1284p/avr51/crtatmega1284p.o

.note.gnu.build-id
 *(.note.gnu.build-id)

.debug
 *(.debug)

.line
 *(.line)

.debug_srcinfo
 *(.debug_srcinfo)

.debug_sfnames
 *(.debug_sfnames)

.debug_aranges  0x00000000       0x20
 *(.debug_aranges)
 .debug_aranges
                0x00000000       0x20 i2cmaster.o

.debug_pubnames
 *(.debug_pubnames)

.debug_info     0x00000000       0x61
 *(.debug_info .gnu.linkonce.wi.*)
 .debug_info    0x00000000       0x61 i2cmaster.o

.debug_abbrev   0x00000000       0x14
 *(.debug_abbrev)
 .debug_abbrev  0x00000000       0x14 i2cmaster.o

.debug_line     0x00000000      0x2a3
 *(.debug_line .debug_line.* .debug_line_end)
 .debug_line    0x00000000      0x2a3 i2cmaster.o

.debug_frame
 *(.debug_frame)

.debug_str
 *(.debug_str)

.debug_loc
 *(.debug_loc)

.debug_macinfo
 *(.debug_macinfo)

.debug_weaknames
 *(.debug_weaknames)

.debug_funcnames
 *(.debug_funcnames)

.debug_typenames
 *(.debug_typenames)

.debug_varnames
 *(.debug_varnames)

.debug_pubtypes
 *(.debug_pubtypes)

.debug_ranges
 *(.debug_ranges)

.debug_macro
 *(.debug_macro)
OUTPUT(LHe LevelMeter.elf elf32-avr)
LOAD linker stubs
